// Jest Snapshot v1, https://goo.gl/fbAQLP

exports[`<Footer /> render a Footer Component 1`] = `
<DocumentFragment>
  <div
    class="footer"
  >
    <img
      src="../../../assets/netflix-roulette.PNG"
    />
  </div>
</DocumentFragment>
`;
