// Jest Snapshot v1, https://goo.gl/fbAQLP

exports[`<NotFound /> render a Header Component 1`] = `
<DocumentFragment>
  <div
    class="app"
  >
    Page Not Found
  </div>
</DocumentFragment>
`;
